#./src/main/resources/Entities.map
#Fri Jul 20 19:07:08 CEST 2018
platform_6=164
platform_5=163
platform_4=162
platform_3=161
platform_2=160
platform_1=159
userAccount_admin=165
tutorial_6=188
tutorial_5=187
tutorial_4=186
tutorial_3=185
tutorial_2=184
tutorial_1=183
user_user3=173
user_user2=172
tutorialComment_9=199
tutorialComment_8=198
tutorialComment_7=197
userAccount_user=168
tutorialComment_26=216
tutorialComment_6=196
satellite_6=182
tutorialComment_25=215
tutorialComment_5=195
satellite_5=181
tutorialComment_24=214
tutorialComment_4=194
satellite_4=180
tutorialComment_23=213
satellite_3=179
tutorialComment_3=193
tutorialComment_22=212
satellite_2=178
tutorialComment_2=192
tutorialComment_21=211
userAccount_user3=170
satellite_1=177
administrator_admin=174
tutorialComment_1=191
tutorialComment_20=210
userAccount_user2=169
user_user=171
antenna_9=225
antenna_8=224
antenna_7=223
antenna_6=222
antenna_5=221
antenna_4=220
userAccount_admin3=167
antenna_3=219
tutorialComment_19=209
userAccount_admin2=166
antenna_2=218
tutorialComment_18=208
antenna_1=217
tutorialComment_17=207
tutorialComment_16=206
tutorialComment_15=205
tutorialComment_14=204
tutorialComment_13=203
tutorialComment_12=202
tutorialComment_11=201
tutorialComment_10=200
administrator_admin3=176
administrator_admin2=175
platformSubscription_2=190
platformSubscription_1=189
